C51 COMPILER V9.60.7.0   KEYPAD                                                            06/09/2025 22:23:36 PAGE 1   


C51 COMPILER V9.60.7.0, COMPILATION OF MODULE KEYPAD
OBJECT MODULE PLACED IN .\Objects\keypad.obj
COMPILER INVOKED BY: C:\Keil_v5\C51\BIN\C51.EXE keypad.c OPTIMIZE(8,SPEED) BROWSE DEBUG OBJECTEXTEND PRINT(.\Listings\ke
                    -ypad.lst) TABS(2) OBJECT(.\Objects\keypad.obj)

line level    source

   1          #include "keypad.h"
   2          #include "lcd.h"
   3          
   4          
   5          void keypad() {
   6   1          while (1) {
   7   2              // Set all columns high initially
   8   2              C0 = C1 = C2 = 1;
   9   2      
  10   2              // Set all rows as input (optional: connect external pull-up)
  11   2              R0 = R1 = R2 = R3 = 1;
  12   2      
  13   2              // Scan column 0
  14   2              C0 = 0; C1 = C2 = 1;
  15   2              if (R0 == 0) lcd_data('1');
  16   2              else if (R1 == 0) lcd_data('4');
  17   2              else if (R2 == 0) lcd_data('7');
  18   2              else if (R3 == 0) lcd_data('*');
  19   2              C0 = 1;
  20   2      
  21   2              // Scan column 1
  22   2              C1 = 0; C0 = C2 = 1;
  23   2              if (R0 == 0) lcd_data('2');
  24   2              else if (R1 == 0) lcd_data('5');
  25   2              else if (R2 == 0) lcd_data('8');
  26   2              else if (R3 == 0) lcd_data('0');
  27   2              C1 = 1;
  28   2      
  29   2              // Scan column 2
  30   2              C2 = 0; C0 = C1 = 1;
  31   2              if (R0 == 0) lcd_data('3');
  32   2              else if (R1 == 0) lcd_data('6');
  33   2              else if (R2 == 0) lcd_data('9');
  34   2              else if (R3 == 0) lcd_data('#');
  35   2              C2 = 1;
  36   2      
  37   2              delay(30); // Debounce delay
  38   2          }
  39   1      }


MODULE INFORMATION:   STATIC OVERLAYABLE
   CODE SIZE        =    135    ----
   CONSTANT SIZE    =   ----    ----
   XDATA SIZE       =   ----    ----
   PDATA SIZE       =   ----    ----
   DATA SIZE        =   ----    ----
   IDATA SIZE       =   ----    ----
   BIT SIZE         =   ----    ----
END OF MODULE INFORMATION.


C51 COMPILATION COMPLETE.  0 WARNING(S),  0 ERROR(S)
