C51 COMPILER V9.60.7.0   MAIN                                                              06/16/2025 00:36:26 PAGE 1   


C51 COMPILER V9.60.7.0, COMPILATION OF MODULE MAIN
OBJECT MODULE PLACED IN .\Objects\main.obj
COMPILER INVOKED BY: C:\Keil_v5\C51\BIN\C51.EXE main.c OPTIMIZE(8,SPEED) BROWSE DEBUG OBJECTEXTEND PRINT(.\Listings\main
                    -.lst) TABS(2) OBJECT(.\Objects\main.obj)

line level    source

   1          #include <reg51.h>
   2          #include "lcd.h"
   3          #include "spi.h"
   4          
   5          void main()
   6          {
   7   1          unsigned char ch;
   8   1      
   9   1          CS = 1;    // Deselect EEPROM
  10   1          SCK = 0;   // Clock low
  11   1      
  12   1          lcd_init();
  13   1          lcd_str("SPI Commu.");
  14   1      
  15   1          
  16   1        
  17   1          EEPROM_WriteByte(0x0123, 'B');
  18   1          spi_delay();  // 5ms delay
  19   1      
  20   1          // Now read the same byte
  21   1          ch = EEPROM_ReadByte(0x0123);
  22   1      
  23   1          // Display received data on LCD 2nd line
  24   1          lcd_cmd(0xC0);
  25   1          lcd_data(ch);
  26   1      
  27   1          while(1);  // STOP: Do nothing after this
  28   1      }


MODULE INFORMATION:   STATIC OVERLAYABLE
   CODE SIZE        =     49    ----
   CONSTANT SIZE    =     11    ----
   XDATA SIZE       =   ----    ----
   PDATA SIZE       =   ----    ----
   DATA SIZE        =   ----       1
   IDATA SIZE       =   ----    ----
   BIT SIZE         =   ----    ----
END OF MODULE INFORMATION.


C51 COMPILATION COMPLETE.  0 WARNING(S),  0 ERROR(S)
